bun test v1.4.2 (744846f84)

deploy/smoke.test.ts:
(pass) public Caisson deployment smoke > maps the staging workflow environment to a fail-closed smoke config [0.15ms]
(pass) public Caisson deployment smoke > parses the workflow's canary JSON without exposing its values [0.60ms]
(pass) public Caisson deployment smoke > covers every service through Cloudflare and proxies demos through the site [1.77ms]
(pass) public Caisson deployment smoke > staging proves authenticated success, public Access denial and raw origin denial without leaking credentials [0.60ms]
(pass) public Caisson deployment smoke > removing the Access boundary makes staging fail [0.23ms]
(pass) public Caisson deployment smoke > removing the raw origin boundary makes staging fail [0.11ms]
(pass) public Caisson deployment smoke > authenticated staging requests still reject login redirects [0.08ms]
(pass) public Caisson deployment smoke > unrelated redirects and generic errors do not establish an Access denial [0.29ms]
(pass) public Caisson deployment smoke > a Cloudflare-marked 403 is an accepted public denial [0.16ms]
(pass) public Caisson deployment smoke > missing or malformed raw origins fail before any HTTP probe [0.37ms]
(pass) public Caisson deployment smoke > scopes rollback smoke to the selected service [0.13ms]
(pass) public Caisson deployment smoke > smokes zero-traffic tag URLs directly with each service's origin header [0.54ms]
(pass) public Caisson deployment smoke > keeps pre-migration canary smoke free of schema-dependent writes [0.14ms]
(pass) public Caisson deployment smoke > requires valid mode, tag, and Access credentials [0.73ms]
(pass) public Caisson deployment smoke > fails on public status, headers, or write-boundary regressions [0.29ms]

deploy/staging-origins.test.ts:
(pass) the governed gcloud argv gate resolves every staging service and validates names [3.16ms]
(pass) invalid project/region never reaches the gcloud execution seam [0.18ms]
(pass) gcloud failure and wrong resource metadata fail closed [0.43ms]
(pass) raw URL map rejects missing, duplicate and unexpected services [0.06ms]
(pass) staging workflow resolves origins before smoke and passes the exact resolver output [0.37ms]

scripts/release-readiness.test.ts:
(pass) R4 audit attestation > R4 real Git lifecycle accepts review A then attestation-only B [36.84ms]
(pass) R4 audit attestation > R373 rejects committed audit with leading newline before frontmatter [24.43ms]
  ✓ per-release checklist — all boxes checked at 3d43854b0d65b95c98963977fffd13ef54989e6c
(pass) R4 audit attestation > R373 accepts committed complete checklist despite incomplete dirty copy [18.75ms]
  ✗ per-release checklist — MISSING or unreadable docs/releases/v2026.09.16-checklist.md at ea74ed159fa7ac4e732a1af449cf8c8e186629d5
(pass) R4 audit attestation > R373 rejects checklist absent from candidate despite complete working copy [13.86ms]
  ✗ per-release checklist — 1 unchecked box(es) at 62559a4f4bdaba3daa474d0bf1f74dd187979422
(pass) R4 audit attestation > R373 rejects committed incomplete checklist despite completed dirty copy [26.64ms]
(pass) R4 audit attestation > R4 real Git lifecycle rejects unreviewed successor path product.ts [19.77ms]
(pass) R4 audit attestation > R4 real Git lifecycle rejects unreviewed successor path outputs/audit/unreviewed.md [20.48ms]
(pass) R4 audit attestation > R4 real Git lifecycle rejects unreviewed successor path docs/releases/other-checklist.md [19.65ms]
(pass) R4 audit attestation > R4 real Git lifecycle rejects unreviewed successor path  outputs/audit/other.md [20.02ms]
(pass) R4 audit attestation > R4 real Git lifecycle rejects an audit naming C instead of parent A [25.15ms]
(pass) R4 audit attestation > R4 attestation allowlist names exactly the audit and checklist [0.07ms]
(pass) R4 audit attestation > R4 rejects an existing empty audit instead of accepting its filename [0.15ms]
(pass) R4 audit attestation > R4 accepts a clean audit bound to the exact base, tag and reviewed parent SHA [0.11ms]
(pass) R4 audit attestation > R4 rejects failed verdict [0.20ms]
(pass) R4 audit attestation > R4 rejects blocking finding [0.11ms]
(pass) R4 audit attestation > R4 rejects wrong SHA [0.05ms]
(pass) R4 audit attestation > R4 rejects wrong base [0.04ms]
(pass) R4 audit attestation > R4 rejects wrong tag [0.04ms]
(pass) R4 audit attestation > R4 rejects empty scope [0.15ms]
(pass) R4 audit attestation > R4 rejects blank scope [0.14ms]
(pass) R4 audit attestation > R4 rejects no reviewers [0.13ms]
(pass) R4 audit attestation > R4 rejects duplicate roles [0.07ms]
(pass) R4 audit attestation > R4 rejects blank identity [0.07ms]
(pass) R4 audit attestation > R4 rejects invalid timestamp [0.09ms]
(pass) R4 audit attestation > R4 rejects unknown metadata [0.08ms]
(pass) R4 audit attestation > R4 fails closed for absent, malformed and prose-only artifacts [0.08ms]
(pass) REQUIRED_CHECKS — the release-readiness gate's own input > every workflow file parses — a throw here would blank the whole suite [0.06ms]
(pass) REQUIRED_CHECKS — the release-readiness gate's own input > the set is non-empty, deduplicated, and at full strength [0.03ms]
(pass) REQUIRED_CHECKS — the release-readiness gate's own input > every required check is a job some workflow actually reports under that name [0.04ms]
(pass) REQUIRED_CHECKS — the release-readiness gate's own input > no required check is path-scoped — a skipped check never reports and reads as missing [0.21ms]
(pass) REQUIRED_CHECKS — the release-readiness gate's own input > no required check is conditionally skippable — only the CAISSON-96 draft guard is allowed [0.07ms]
(pass) REQUIRED_CHECKS — the release-readiness gate's own input > support-bot is in the set — ADR-0414 promoted it before automating its deploy [0.01ms]
(pass) REQUIRED_CHECKS — the release-readiness gate's own input > runtime images aggregate is required by release readiness
(pass) REQUIRED_CHECKS — the release-readiness gate's own input > runtime aggregate always consumes the selector and complete matrix [0.05ms]
(pass) REQUIRED_CHECKS — the release-readiness gate's own input > runtime aggregate rejects a failed matrix member [0.88ms]
(pass) REQUIRED_CHECKS — the release-readiness gate's own input > runtime aggregate is green only when both dependencies succeed [14.68ms]

apps/site/lib/paddle-checkout.test.ts:
(pass) G6 — an init failure does not poison checkout for the rest of the session > a rejected initializePaddle() propagates, and the NEXT call retries fresh [2.31ms]
(pass) abandoned-checkout discount fork (SPEC-abandoned-checkout-email.md, 2026-07-10 lock) > a discount code is threaded into Checkout.open's discountCode option [0.09ms]
(pass) abandoned-checkout discount fork (SPEC-abandoned-checkout-email.md, 2026-07-10 lock) > an omitted discount code is never passed as an explicit key [0.05ms]
(pass) G35 — the cart clears on checkout.completed, not on overlay-open > onCheckoutCompleted fires only for the checkout.completed event, until unregistered [0.10ms]
(pass) server cart opens only the validated transaction id, without overriding lines or account [0.14ms]

apps/site/lib/cart-routes.test.ts:
(pass) already-owned checkout lines are dropped before Paddle receives current catalog prices [0.68ms]
(pass) an all-owned cart never reaches Paddle [0.10ms]
(pass) forged hint without a session cannot create checkout [0.06ms]
(pass) client account, price and quantity injection and unknown catalog items fail before Paddle [0.28ms]
(pass) failed entitlement read blocks transaction creation [0.12ms]
(pass) cross-origin checkout is rejected before session or payment work [0.04ms]
(pass) production checkout route binds session, scoped ownership and server transaction creation [0.32ms]

apps/site/lib/checkout-account.test.ts:
(pass) production checkout account failure and dashboard compatibility [614.90ms]

apps/site/lib/auth-account.test.ts:
[apps/site] DATABASE_URL unset — using an in-memory PGlite double (dev only).
(pass) getSession resolves a fresh user to their personal account (accountId == userId) [1121.88ms]
(pass) G8: the active-account cookie switches an invited seat to the org account [2.20ms]
(pass) G8: a cookie naming an account the user does NOT belong to falls back to personal [0.63ms]
(pass) G16: getOwnedCartItemIds maps an active entitlement grant to its catalog cart id [13.85ms]

apps/site/lib/paddle-cart-transaction.test.ts:
(pass) Paddle receives server-selected lines and account with bounded redirect-free requests [1.02ms]
(pass) unavailable or private discount never creates a transaction [0.13ms]
(pass) missing server key fails closed before egress [0.05ms]
(pass) provider errors and malformed transaction ids fail closed [0.17ms]

packages/local-store/src/egress-guard.test.ts:
(pass) scrubForEgress (secret-scrub contract) > C — drops a secret-named assignment value, keeps key + separator [0.19ms]
(pass) scrubForEgress (secret-scrub contract) > B — drops only the URL password, keeps scheme/user/host [0.01ms]
(pass) scrubForEgress (secret-scrub contract) > D — redacts a bare inline token, surrounding text intact
(pass) scrubForEgress (secret-scrub contract) > A — collapses a PEM private-key block whole
(pass) scrubForEgress (secret-scrub contract) > clean text passes through unchanged (no false positive)
(pass) scrubForEgress (secret-scrub contract) > idempotent — re-scrubbing already-scrubbed text is a no-op
(pass) looksLikeSecret > true when the text carries a redactable span [0.01ms]
(pass) looksLikeSecret > false for clean text
(pass) guardEmbedder (scrub-before-egress) > the wrapped backend never receives a raw secret [0.07ms]
(pass) createCloudEmbedder (test-doubled transport — no live call) > rejects a public hostname resolving to private space before fetch [0.73ms]
(pass) createCloudEmbedder (test-doubled transport — no live call) > resolves immediately before every request including a changed DNS answer [0.33ms]
(pass) createCloudEmbedder (test-doubled transport — no live call) > rejects a private, loopback or metadata endpoint at construction [0.10ms]
(pass) createCloudEmbedder (test-doubled transport — no live call) > a public https endpoint still constructs and embeds [0.07ms]
(pass) createCloudEmbedder (test-doubled transport — no live call) > refuses to follow a redirect on the credential-bearing POST [0.06ms]
(pass) createCloudEmbedder (test-doubled transport — no live call) > scrubs content before the request body leaves the box [0.07ms]
(pass) createCloudEmbedder (test-doubled transport — no live call) > rejects a non-https endpoint (fail-closed) [0.09ms]
(pass) createCloudEmbedder (test-doubled transport — no live call) > rejects an unknown config field (strict boundary) [0.04ms]
(pass) createCloudEmbedder (test-doubled transport — no live call) > a wrong-dim response throws fail-closed (never corrupts the index) [0.07ms]
(pass) createCloudEmbedder (test-doubled transport — no live call) > a failed transport throws a redaction-safe error (no secret) [0.09ms]

packages/tool-exec/src/approval-lifecycle.test.ts:
(pass) 1000 rejected approvals reclaim capacity without spawning or replay [21.20ms]
(pass) 1000 expired approvals reclaim capacity on the next proposal [17.10ms]
(pass) approval lifetime is fifteen minutes and expires at the exact boundary [0.25ms]
(pass) memory consume deletes an expired record and never returns it [0.13ms]
(pass) executor rejects an expired record returned by a durable adapter [0.11ms]
(pass) client cannot extend the digest-bound expiration [0.06ms]
(pass) atomic reject wins against a later concurrent consume without executing [0.12ms]
(pass) a consume that already won cannot be retroactively revoked [0.06ms]
(pass) reject validates IDs and unknown IDs return false without execution [0.14ms]

packages/tool-exec/src/browser-safety.test.ts:
(pass) `./browser` is browser-safe > no module reachable from src/browser.ts imports a node builtin (transitive) [0.02ms]
(pass) `./browser` is browser-safe > guard the guard: the walk really resolved a graph, including across packages [0.02ms]
(pass) `./browser` is browser-safe > positive control: the `.` barrel DOES report the irreducibly node-only module [0.86ms]
(pass) `./browser` is a subset of `.` > every runtime name exported by ./browser is also exported by the barrel [0.25ms]

packages/tool-exec/src/tool-exec.test.ts:
(pass) createToolExec — default-deny allowlist > an unregistered command name is refused [0.11ms]
(pass) createToolExec — default-deny allowlist > an empty allowlist refuses everything [0.05ms]
(pass) createToolExec — schema-validated args, no exec on failure > args failing the schema are rejected BEFORE any exec [0.12ms]
(pass) createToolExec — a valid call > returns a provenance record with exit code, output, resolved args [0.13ms]
(pass) createToolExec — a valid call > reason is omitted from the record when not supplied [0.05ms]
(pass) createToolExec — a non-zero exit / spawn failure > a non-zero exit is captured, not thrown [0.05ms]
(pass) createToolExec — real spawn (default ExecFn), a safe binary > actually execs node -e and captures bounded stdout [9.60ms]
(pass) createToolExec — env leak guard (THREAT: parent-secret inheritance), real default execFn > with env supplied on the allowlist entry, the child does NOT see the canary and DOES see PATH [9.38ms]
(pass) createToolExec — env leak guard (THREAT: parent-secret inheritance), real default execFn > with no env on the allowlist entry (today's default), the child DOES see the canary — pins the inherit-everything default so a future flip shows up in CI [8.56ms]
(pass) createToolExec — two-phase gate (ADR-0360 S3): propose() then execute() > propose validates + parks without spawning; execute later runs the SAME validated argv [0.30ms]
(pass) createToolExec — two-phase gate (ADR-0360 S3): propose() then execute() > propose rejects an unregistered command BEFORE anything is parked [0.07ms]
(pass) createToolExec — two-phase gate (ADR-0360 S3): propose() then execute() > propose rejects args failing the schema, BEFORE anything is parked [0.08ms]
(pass) createToolExec — two-phase gate (ADR-0360 S3): propose() then execute() > execute rejects a hand-built proposal without a stored approval [0.17ms]
(pass) createToolExec — two-phase gate (ADR-0360 S3): propose() then execute() > execute refuses a proposal whose command no longer matches the allowlist (drift defense) [0.17ms]
(pass) createToolExec — two-phase gate (ADR-0360 S3): propose() then execute() > execute refuses a proposal for a name removed from the allowlist since propose [0.09ms]
(pass) createToolExec — two-phase gate (ADR-0360 S3): propose() then execute() > the existing single-phase run() path is untouched by the two-phase addition [0.05ms]
(pass) ADR-0423 — stored approval integrity > mutated approved arguments never spawn [0.08ms]
(pass) ADR-0423 — stored approval integrity > forged IDs, digests, reasons and policy versions are rejected [0.21ms]
(pass) ADR-0423 — stored approval integrity > altered proposal environment is rejected and current spec owns child env [0.21ms]
(pass) ADR-0423 — stored approval integrity > environment and policy-version rotation invalidate outstanding approvals [0.16ms]
(pass) ADR-0423 — stored approval integrity > current schema revalidates saved original input, including object-to-argv transforms [0.61ms]
(pass) ADR-0423 — stored approval integrity > a changed schema transform cannot alter the approved argv [0.21ms]
(pass) ADR-0423 — stored approval integrity > atomic consumption prevents replay and concurrent double execution [0.18ms]

packages/agent-dev/src/tool-exec-wiring.test.ts:
(pass) agent-dev edition — bundled tool-exec gate (ADR-0178) > the tool-exec surface is re-exported from the one edition import home
(pass) agent-dev edition — bundled tool-exec gate (ADR-0178) > the composed edition exposes a fail-closed default-deny tool-exec gate [5.01ms]

apps/demos/components/poke/tool-exec-poke.test.ts:
(pass) the poke's client graph is browser-safe (static source walk, NOT a build) > no module reachable from the client entry imports a node builtin (transitive) [0.02ms]
(pass) the poke's client graph is browser-safe (static source walk, NOT a build) > the walk really crossed into the package's browser entry, never the spawn half [0.01ms]
(pass) the poke's client graph is browser-safe (static source walk, NOT a build) > positive control: the package's `.` barrel DOES taint, so the walker is not blind [1.03ms]
(pass) the poke's gate IS the package's gate > a valid browser proposal matches validated fields but cannot mint approval authority [0.40ms]
(pass) the poke's gate IS the package's gate > reason is omitted when not supplied, matching the package [0.13ms]
(pass) the poke's gate IS the package's gate > an unregistered name is denied with the package's own NotFoundError instance [0.08ms]
(pass) the sample allowlist actually gates > git-status accepts only the exact argv its schema names [0.08ms]
(pass) the sample allowlist actually gates > a proposed call's args is always a string array, never a concatenated command [0.02ms]

apps/site/app/api/cart/owned/route.test.ts:
(pass) valid durable session without a hint returns owned items [25.25ms]
(pass) independently evicting the hint leaves a durable session ownership read intact [4.31ms]
(pass) forged hint without a durable session grants no ownership [2.68ms]
(pass) production owned route binds the real session and scoped entitlement reader [0.25ms]

 146 pass
 0 fail
 505 expect() calls
Ran 146 tests across 15 files. [2.64s]
